warning: jpegli-internals-sys@0.1.0: Using pre-built jpegli from "/home/lilith/work/zen/zenjpeg-q10-baseline/internal/jpegli-cpp/build"
warning: jpegli-internals-sys@0.1.0: ✓ Building with instrumented C++ FFI (jpegli_test_ffi)
   Compiling zenjpeg v0.8.4 (/home/lilith/work/zen/zenjpeg-q10-baseline/zenjpeg)
    Finished `release` profile [optimized + debuginfo] target(s) in 2.22s
     Running `target/release/examples/dering_offset_verify`
== frymire ==
frymire    frymire                        Q=10 | cpp= 113992 zen= 114004 (+0.01%) | ssim cpp= 1.48 zen= 4.11 off= 1.21 | Δvcpp=+2.628 Δvoff=+2.899
frymire    frymire                        Q=30 | cpp= 216397 zen= 216405 (+0.00%) | ssim cpp=28.83 zen=30.04 off=28.62 | Δvcpp=+1.204 Δvoff=+1.420
frymire    frymire                        Q=50 | cpp= 269545 zen= 269567 (+0.01%) | ssim cpp=36.66 zen=37.03 off=36.36 | Δvcpp=+0.366 Δvoff=+0.665
frymire    frymire                        Q=70 | cpp= 362135 zen= 362361 (+0.06%) | ssim cpp=44.95 zen=45.01 off=44.87 | Δvcpp=+0.065 Δvoff=+0.142
frymire    frymire                        Q=85 | cpp= 494382 zen= 494007 (-0.08%) | ssim cpp=50.48 zen=50.48 off=50.52 | Δvcpp=-0.005 Δvoff=-0.040
frymire    frymire                        Q=95 | cpp= 743259 zen= 742525 (-0.10%) | ssim cpp=53.43 zen=53.31 off=53.35 | Δvcpp=-0.117 Δvoff=-0.041

== graphics ==
graphic    codec_wiki                     Q=10 | cpp=  62234 zen=  61918 (-0.51%) | ssim cpp=59.85 zen=56.44 off=60.00 | Δvcpp=-3.409 Δvoff=-3.559
graphic    codec_wiki                     Q=30 | cpp=  89521 zen=  88935 (-0.65%) | ssim cpp=70.69 zen=70.12 off=71.17 | Δvcpp=-0.564 Δvoff=-1.047
graphic    codec_wiki                     Q=50 | cpp= 104293 zen= 103220 (-1.03%) | ssim cpp=73.48 zen=73.81 off=73.72 | Δvcpp=+0.335 Δvoff=+0.087
graphic    codec_wiki                     Q=70 | cpp= 127942 zen= 127987 (+0.04%) | ssim cpp=77.48 zen=77.69 off=77.68 | Δvcpp=+0.208 Δvoff=+0.010
graphic    codec_wiki                     Q=85 | cpp= 161867 zen= 161661 (-0.13%) | ssim cpp=80.88 zen=80.86 off=80.86 | Δvcpp=-0.019 Δvoff=-0.002
graphic    codec_wiki                     Q=95 | cpp= 225447 zen= 225437 (-0.00%) | ssim cpp=82.82 zen=82.77 off=82.77 | Δvcpp=-0.054 Δvoff=-0.002
graphic    gmessages                      Q=10 | cpp=  63054 zen=  62047 (-1.60%) | ssim cpp=60.29 zen=60.96 off=60.30 | Δvcpp=+0.675 Δvoff=+0.660
graphic    gmessages                      Q=30 | cpp=  90096 zen=  89178 (-1.02%) | ssim cpp=71.42 zen=71.53 off=71.81 | Δvcpp=+0.110 Δvoff=-0.284
graphic    gmessages                      Q=50 | cpp= 104295 zen= 103655 (-0.61%) | ssim cpp=75.77 zen=75.61 off=75.62 | Δvcpp=-0.158 Δvoff=-0.015
graphic    gmessages                      Q=70 | cpp= 130371 zen= 129826 (-0.42%) | ssim cpp=82.21 zen=82.00 off=82.00 | Δvcpp=-0.205 Δvoff=+0.000
graphic    gmessages                      Q=85 | cpp= 166187 zen= 165925 (-0.16%) | ssim cpp=86.84 zen=86.98 off=86.98 | Δvcpp=+0.142 Δvoff=+0.000
graphic    gmessages                      Q=95 | cpp= 235195 zen= 234860 (-0.14%) | ssim cpp=91.96 zen=92.07 off=92.07 | Δvcpp=+0.107 Δvoff=+0.000
graphic    graph                          Q=10 | cpp=   7967 zen=   8090 (+1.54%) | ssim cpp= 5.07 zen= 6.01 off= 5.69 | Δvcpp=+0.934 Δvoff=+0.316
graphic    graph                          Q=30 | cpp=  14041 zen=  14223 (+1.30%) | ssim cpp=54.59 zen=54.46 off=54.69 | Δvcpp=-0.135 Δvoff=-0.235
graphic    graph                          Q=50 | cpp=  16678 zen=  16819 (+0.85%) | ssim cpp=64.22 zen=63.78 off=63.66 | Δvcpp=-0.439 Δvoff=+0.128
graphic    graph                          Q=70 | cpp=  20726 zen=  20901 (+0.84%) | ssim cpp=71.40 zen=71.00 off=70.89 | Δvcpp=-0.395 Δvoff=+0.117
graphic    graph                          Q=85 | cpp=  26864 zen=  26978 (+0.42%) | ssim cpp=77.94 zen=77.33 off=77.25 | Δvcpp=-0.615 Δvoff=+0.081
graphic    graph                          Q=95 | cpp=  38662 zen=  38743 (+0.21%) | ssim cpp=82.24 zen=82.71 off=82.70 | Δvcpp=+0.469 Δvoff=+0.016
graphic    gui                            Q=10 | cpp=  20221 zen=  19962 (-1.28%) | ssim cpp=64.01 zen=57.05 off=63.95 | Δvcpp=-6.956 Δvoff=-6.898
graphic    gui                            Q=30 | cpp=  27072 zen=  27034 (-0.14%) | ssim cpp=76.88 zen=76.73 off=76.90 | Δvcpp=-0.157 Δvoff=-0.172
graphic    gui                            Q=50 | cpp=  31295 zen=  31160 (-0.43%) | ssim cpp=77.53 zen=78.43 off=78.47 | Δvcpp=+0.901 Δvoff=-0.036
graphic    gui                            Q=70 | cpp=  36841 zen=  36883 (+0.11%) | ssim cpp=86.12 zen=86.10 off=86.10 | Δvcpp=-0.023 Δvoff=-0.006
graphic    gui                            Q=85 | cpp=  46845 zen=  46968 (+0.26%) | ssim cpp=90.68 zen=90.61 off=90.64 | Δvcpp=-0.069 Δvoff=-0.021
graphic    gui                            Q=95 | cpp=  67829 zen=  67849 (+0.03%) | ssim cpp=94.55 zen=94.51 off=94.52 | Δvcpp=-0.038 Δvoff=-0.013
graphic    imac_dark                      Q=10 | cpp= 191953 zen= 188940 (-1.57%) | ssim cpp=35.77 zen=32.19 off=35.02 | Δvcpp=-3.580 Δvoff=-2.827
graphic    imac_dark                      Q=30 | cpp= 306695 zen= 303149 (-1.16%) | ssim cpp=59.22 zen=54.97 off=55.12 | Δvcpp=-4.251 Δvoff=-0.155
graphic    imac_dark                      Q=50 | cpp= 368167 zen= 365684 (-0.67%) | ssim cpp=63.75 zen=64.21 off=64.33 | Δvcpp=+0.459 Δvoff=-0.118
graphic    imac_dark                      Q=70 | cpp= 478192 zen= 477585 (-0.13%) | ssim cpp=70.98 zen=71.39 off=71.38 | Δvcpp=+0.409 Δvoff=+0.016
graphic    imac_dark                      Q=85 | cpp= 632991 zen= 633001 (+0.00%) | ssim cpp=78.49 zen=78.85 off=78.85 | Δvcpp=+0.357 Δvoff=-0.000
graphic    imac_dark                      Q=95 | cpp= 919193 zen= 922734 (+0.39%) | ssim cpp=85.13 zen=85.69 off=85.68 | Δvcpp=+0.560 Δvoff=+0.005

== photos ==
photo      1001682                        Q=10 | cpp=   9860 zen=   9672 (-1.91%) | ssim cpp=21.08 zen=19.93 off=21.15 | Δvcpp=-1.157 Δvoff=-1.229
photo      1001682                        Q=30 | cpp=  19215 zen=  18909 (-1.59%) | ssim cpp=53.70 zen=53.06 off=53.62 | Δvcpp=-0.640 Δvoff=-0.560
photo      1001682                        Q=50 | cpp=  24273 zen=  24085 (-0.77%) | ssim cpp=61.06 zen=60.74 off=60.86 | Δvcpp=-0.312 Δvoff=-0.115
photo      1001682                        Q=70 | cpp=  34832 zen=  34795 (-0.11%) | ssim cpp=70.50 zen=70.57 off=70.57 | Δvcpp=+0.065 Δvoff=-0.007
photo      1001682                        Q=85 | cpp=  52521 zen=  52463 (-0.11%) | ssim cpp=79.25 zen=79.19 off=79.19 | Δvcpp=-0.060 Δvoff=+0.000
photo      1001682                        Q=95 | cpp=  96937 zen=  96979 (+0.04%) | ssim cpp=87.67 zen=87.67 off=87.67 | Δvcpp=-0.000 Δvoff=+0.000
photo      1028637                        Q=10 | cpp=   8976 zen=   8758 (-2.43%) | ssim cpp=20.99 zen=20.53 off=20.89 | Δvcpp=-0.456 Δvoff=-0.364
photo      1028637                        Q=30 | cpp=  15935 zen=  15722 (-1.34%) | ssim cpp=49.03 zen=48.08 off=48.62 | Δvcpp=-0.954 Δvoff=-0.536
photo      1028637                        Q=50 | cpp=  19784 zen=  19638 (-0.74%) | ssim cpp=55.98 zen=55.39 off=55.54 | Δvcpp=-0.588 Δvoff=-0.156
photo      1028637                        Q=70 | cpp=  27551 zen=  27464 (-0.32%) | ssim cpp=66.81 zen=66.65 off=66.65 | Δvcpp=-0.160 Δvoff=-0.004
photo      1028637                        Q=85 | cpp=  40545 zen=  40446 (-0.24%) | ssim cpp=75.47 zen=75.37 off=75.37 | Δvcpp=-0.101 Δvoff=-0.005
photo      1028637                        Q=95 | cpp=  70900 zen=  70767 (-0.19%) | ssim cpp=83.52 zen=83.45 off=83.45 | Δvcpp=-0.072 Δvoff=-0.007
photo      1029604                        Q=10 | cpp=  13010 zen=  12733 (-2.13%) | ssim cpp=40.77 zen=39.73 off=40.72 | Δvcpp=-1.044 Δvoff=-0.992
photo      1029604                        Q=30 | cpp=  22549 zen=  22185 (-1.61%) | ssim cpp=62.08 zen=61.63 off=61.84 | Δvcpp=-0.452 Δvoff=-0.205
photo      1029604                        Q=50 | cpp=  27255 zen=  27027 (-0.84%) | ssim cpp=66.99 zen=66.82 off=66.90 | Δvcpp=-0.176 Δvoff=-0.078
photo      1029604                        Q=70 | cpp=  37556 zen=  37451 (-0.28%) | ssim cpp=73.97 zen=73.95 off=73.95 | Δvcpp=-0.016 Δvoff=+0.000
photo      1029604                        Q=85 | cpp=  56802 zen=  56649 (-0.27%) | ssim cpp=81.14 zen=81.18 off=81.18 | Δvcpp=+0.035 Δvoff=+0.000
photo      1029604                        Q=95 | cpp= 109765 zen= 109783 (+0.02%) | ssim cpp=89.77 zen=89.62 off=89.62 | Δvcpp=-0.155 Δvoff=+0.000
photo      106399                         Q=10 | cpp=  10408 zen=  10205 (-1.95%) | ssim cpp=30.07 zen=29.04 off=30.10 | Δvcpp=-1.034 Δvoff=-1.058
photo      106399                         Q=30 | cpp=  18480 zen=  18188 (-1.58%) | ssim cpp=57.08 zen=56.54 off=57.03 | Δvcpp=-0.537 Δvoff=-0.484
photo      106399                         Q=50 | cpp=  22539 zen=  22347 (-0.85%) | ssim cpp=63.43 zen=63.21 off=63.30 | Δvcpp=-0.217 Δvoff=-0.086
photo      106399                         Q=70 | cpp=  30044 zen=  29927 (-0.39%) | ssim cpp=71.16 zen=71.06 off=71.06 | Δvcpp=-0.107 Δvoff=-0.004
photo      106399                         Q=85 | cpp=  42564 zen=  42549 (-0.04%) | ssim cpp=78.55 zen=78.39 off=78.39 | Δvcpp=-0.156 Δvoff=-0.003
photo      106399                         Q=95 | cpp=  75530 zen=  75619 (+0.12%) | ssim cpp=86.32 zen=86.35 off=86.35 | Δvcpp=+0.029 Δvoff=-0.004
photo      1080721                        Q=10 | cpp=   9308 zen=   9175 (-1.43%) | ssim cpp=38.07 zen=36.40 off=37.90 | Δvcpp=-1.672 Δvoff=-1.504
photo      1080721                        Q=30 | cpp=  15963 zen=  15782 (-1.13%) | ssim cpp=65.27 zen=65.08 off=65.37 | Δvcpp=-0.187 Δvoff=-0.289
photo      1080721                        Q=50 | cpp=  19137 zen=  19069 (-0.36%) | ssim cpp=71.25 zen=71.14 off=71.21 | Δvcpp=-0.112 Δvoff=-0.067
photo      1080721                        Q=70 | cpp=  25286 zen=  25263 (-0.09%) | ssim cpp=77.36 zen=77.34 off=77.29 | Δvcpp=-0.012 Δvoff=+0.049
photo      1080721                        Q=85 | cpp=  36025 zen=  36014 (-0.03%) | ssim cpp=82.80 zen=82.85 off=82.88 | Δvcpp=+0.055 Δvoff=-0.027
photo      1080721                        Q=95 | cpp=  64268 zen=  64522 (+0.40%) | ssim cpp=88.57 zen=88.54 off=88.52 | Δvcpp=-0.027 Δvoff=+0.024
photo      1082342                        Q=10 | cpp=  14306 zen=  13995 (-2.17%) | ssim cpp=39.29 zen=36.98 off=38.96 | Δvcpp=-2.319 Δvoff=-1.988
photo      1082342                        Q=30 | cpp=  24837 zen=  24517 (-1.29%) | ssim cpp=61.10 zen=60.46 off=60.78 | Δvcpp=-0.637 Δvoff=-0.319
photo      1082342                        Q=50 | cpp=  29593 zen=  29378 (-0.73%) | ssim cpp=66.55 zen=66.45 off=66.53 | Δvcpp=-0.091 Δvoff=-0.080
photo      1082342                        Q=70 | cpp=  38745 zen=  38673 (-0.19%) | ssim cpp=72.55 zen=72.40 off=72.41 | Δvcpp=-0.157 Δvoff=-0.011
photo      1082342                        Q=85 | cpp=  54820 zen=  54759 (-0.11%) | ssim cpp=78.43 zen=78.39 off=78.38 | Δvcpp=-0.040 Δvoff=+0.009
photo      1082342                        Q=95 | cpp=  96126 zen=  96149 (+0.02%) | ssim cpp=83.70 zen=83.67 off=83.67 | Δvcpp=-0.032 Δvoff=-0.006
photo      1089930                        Q=10 | cpp=   9825 zen=   9620 (-2.09%) | ssim cpp=42.58 zen=39.95 off=42.56 | Δvcpp=-2.626 Δvoff=-2.612
photo      1089930                        Q=30 | cpp=  16396 zen=  16247 (-0.91%) | ssim cpp=64.49 zen=64.16 off=64.33 | Δvcpp=-0.329 Δvoff=-0.168
photo      1089930                        Q=50 | cpp=  19346 zen=  19286 (-0.31%) | ssim cpp=69.42 zen=69.16 off=69.20 | Δvcpp=-0.254 Δvoff=-0.034
photo      1089930                        Q=70 | cpp=  25216 zen=  25162 (-0.21%) | ssim cpp=75.49 zen=75.50 off=75.48 | Δvcpp=+0.006 Δvoff=+0.012
photo      1089930                        Q=85 | cpp=  36289 zen=  36222 (-0.18%) | ssim cpp=81.50 zen=81.15 off=81.13 | Δvcpp=-0.345 Δvoff=+0.017
photo      1089930                        Q=95 | cpp=  69458 zen=  69689 (+0.33%) | ssim cpp=88.13 zen=88.06 off=88.05 | Δvcpp=-0.070 Δvoff=+0.004
photo      110472                         Q=10 | cpp=  10354 zen=  10154 (-1.93%) | ssim cpp=33.47 zen=32.67 off=33.32 | Δvcpp=-0.796 Δvoff=-0.652
photo      110472                         Q=30 | cpp=  17886 zen=  17714 (-0.96%) | ssim cpp=59.07 zen=58.38 off=58.82 | Δvcpp=-0.688 Δvoff=-0.440
photo      110472                         Q=50 | cpp=  21207 zen=  21176 (-0.15%) | ssim cpp=65.37 zen=65.10 off=65.20 | Δvcpp=-0.265 Δvoff=-0.093
photo      110472                         Q=70 | cpp=  27737 zen=  27808 (+0.26%) | ssim cpp=72.23 zen=72.09 off=72.09 | Δvcpp=-0.139 Δvoff=+0.006
photo      110472                         Q=85 | cpp=  39628 zen=  39620 (-0.02%) | ssim cpp=78.80 zen=78.62 off=78.63 | Δvcpp=-0.176 Δvoff=-0.000
photo      110472                         Q=95 | cpp=  73083 zen=  73380 (+0.41%) | ssim cpp=83.41 zen=83.31 off=83.31 | Δvcpp=-0.100 Δvoff=-0.000
photo      1129482                        Q=10 | cpp=   5196 zen=   5245 (+0.94%) | ssim cpp=61.25 zen=62.75 off=61.22 | Δvcpp=+1.510 Δvoff=+1.536
photo      1129482                        Q=30 | cpp=   8079 zen=   8047 (-0.40%) | ssim cpp=71.44 zen=73.41 off=71.48 | Δvcpp=+1.972 Δvoff=+1.937
photo      1129482                        Q=50 | cpp=   9477 zen=   9464 (-0.14%) | ssim cpp=75.32 zen=77.24 off=75.45 | Δvcpp=+1.910 Δvoff=+1.786
photo      1129482                        Q=70 | cpp=  12033 zen=  12002 (-0.26%) | ssim cpp=80.67 zen=81.67 off=80.59 | Δvcpp=+0.993 Δvoff=+1.075
photo      1129482                        Q=85 | cpp=  16136 zen=  16037 (-0.61%) | ssim cpp=85.51 zen=85.93 off=85.30 | Δvcpp=+0.417 Δvoff=+0.621
photo      1129482                        Q=95 | cpp=  25595 zen=  25502 (-0.36%) | ssim cpp=90.01 zen=90.16 off=89.92 | Δvcpp=+0.150 Δvoff=+0.234
photo      1130683                        Q=10 | cpp=  16334 zen=  15973 (-2.21%) | ssim cpp=32.99 zen=32.18 off=33.01 | Δvcpp=-0.808 Δvoff=-0.837
photo      1130683                        Q=30 | cpp=  29917 zen=  29395 (-1.74%) | ssim cpp=55.97 zen=55.42 off=55.89 | Δvcpp=-0.545 Δvoff=-0.468
photo      1130683                        Q=50 | cpp=  36988 zen=  36684 (-0.82%) | ssim cpp=62.19 zen=61.83 off=62.00 | Δvcpp=-0.361 Δvoff=-0.174
photo      1130683                        Q=70 | cpp=  50625 zen=  50500 (-0.25%) | ssim cpp=70.06 zen=69.93 off=69.93 | Δvcpp=-0.130 Δvoff=+0.004
photo      1130683                        Q=85 | cpp=  72743 zen=  72583 (-0.22%) | ssim cpp=77.16 zen=77.06 off=77.06 | Δvcpp=-0.096 Δvoff=+0.007
photo      1130683                        Q=95 | cpp= 125874 zen= 125878 (+0.00%) | ssim cpp=84.38 zen=84.29 off=84.28 | Δvcpp=-0.089 Δvoff=+0.002
