warning: jpegli-internals-sys@0.1.0: Using pre-built jpegli from "/home/lilith/work/zen/zenjpeg-q10-baseline/internal/jpegli-cpp/build"
warning: jpegli-internals-sys@0.1.0: ✓ Building with instrumented C++ FFI (jpegli_test_ffi)
   Compiling zenjpeg v0.8.4 (/home/lilith/work/zen/zenjpeg-q10-baseline/zenjpeg)
    Finished `release` profile [optimized + debuginfo] target(s) in 2.19s
     Running `target/release/examples/dering_offset_vs_cpp`
frymire    frymire              Q=10 max_off=0.400 cpp_ssim=1.48
frymire    frymire              Q=30 max_off=0.400 cpp_ssim=28.83
frymire    frymire              Q=50 max_off=0.180 cpp_ssim=36.66
frymire    frymire              Q=70 max_off=0.120 cpp_ssim=44.95
frymire    frymire              Q=85 max_off=0.150 cpp_ssim=50.48
frymire    frymire              Q=95 max_off=0.150 cpp_ssim=53.43
graphic    codec_wiki           Q=10 max_off=0.000 cpp_ssim=59.85
graphic    codec_wiki           Q=30 max_off=0.000 cpp_ssim=70.69
graphic    codec_wiki           Q=50 max_off=0.040 cpp_ssim=73.48
graphic    codec_wiki           Q=70 max_off=0.300 cpp_ssim=77.48
graphic    codec_wiki           Q=85 max_off=0.180 cpp_ssim=80.88
graphic    codec_wiki           Q=95 max_off=0.180 cpp_ssim=82.82
graphic    gmessages            Q=10 max_off=0.100 cpp_ssim=60.29
graphic    gmessages            Q=30 max_off=0.400 cpp_ssim=71.42
graphic    gmessages            Q=50 max_off=0.400 cpp_ssim=75.77
graphic    gmessages            Q=70 max_off=0.080 cpp_ssim=82.21
graphic    gmessages            Q=85 max_off=0.120 cpp_ssim=86.84
graphic    gmessages            Q=95 max_off=0.060 cpp_ssim=91.96
graphic    graph                Q=10 max_off=0.400 cpp_ssim=5.07
graphic    graph                Q=30 max_off=0.100 cpp_ssim=54.59
graphic    graph                Q=50 max_off=0.000 cpp_ssim=64.22
graphic    graph                Q=70 max_off=0.020 cpp_ssim=71.40
graphic    graph                Q=85 max_off=0.000 cpp_ssim=77.94
graphic    graph                Q=95 max_off=0.180 cpp_ssim=82.24
graphic    gui                  Q=10 max_off=0.000 cpp_ssim=64.01
graphic    gui                  Q=30 max_off=0.400 cpp_ssim=76.88
graphic    gui                  Q=50 max_off=0.400 cpp_ssim=77.53
graphic    gui                  Q=70 max_off=0.100 cpp_ssim=86.12
graphic    gui                  Q=85 max_off=0.120 cpp_ssim=90.68
graphic    gui                  Q=95 max_off=0.080 cpp_ssim=94.55
graphic    imac_dark            Q=10 max_off=0.000 cpp_ssim=35.77
graphic    imac_dark            Q=30 max_off=0.000 cpp_ssim=59.22
graphic    imac_dark            Q=50 max_off=0.060 cpp_ssim=63.75
graphic    imac_dark            Q=70 max_off=0.180 cpp_ssim=70.98
graphic    imac_dark            Q=85 max_off=0.150 cpp_ssim=78.49
graphic    imac_dark            Q=95 max_off=0.150 cpp_ssim=85.13
graphic    imac_g3              Q=10 max_off=0.400 cpp_ssim=53.86
graphic    imac_g3              Q=30 max_off=0.400 cpp_ssim=64.55
graphic    imac_g3              Q=50 max_off=0.400 cpp_ssim=70.34
graphic    imac_g3              Q=70 max_off=0.400 cpp_ssim=76.73
graphic    imac_g3              Q=85 max_off=0.400 cpp_ssim=82.26
graphic    imac_g3              Q=95 max_off=0.180 cpp_ssim=86.42
graphic    imessage             Q=10 max_off=0.000 cpp_ssim=47.37
graphic    imessage             Q=30 max_off=0.060 cpp_ssim=65.74
graphic    imessage             Q=50 max_off=0.000 cpp_ssim=69.85
graphic    imessage             Q=70 max_off=0.400 cpp_ssim=75.09
graphic    imessage             Q=85 max_off=0.120 cpp_ssim=79.74
graphic    imessage             Q=95 max_off=0.180 cpp_ssim=83.15
graphic    terminal             Q=10 max_off=0.000 cpp_ssim=57.31
graphic    terminal             Q=30 max_off=0.400 cpp_ssim=68.34
graphic    terminal             Q=50 max_off=0.000 cpp_ssim=72.14
graphic    terminal             Q=70 max_off=0.180 cpp_ssim=78.15
graphic    terminal             Q=85 max_off=0.150 cpp_ssim=84.62
graphic    terminal             Q=95 max_off=0.080 cpp_ssim=90.56
graphic    windows              Q=10 max_off=0.400 cpp_ssim=36.35
graphic    windows              Q=30 max_off=0.400 cpp_ssim=54.00
graphic    windows              Q=50 max_off=0.400 cpp_ssim=60.52
graphic    windows              Q=70 max_off=0.400 cpp_ssim=69.53
graphic    windows              Q=85 max_off=0.400 cpp_ssim=77.27
graphic    windows              Q=95 max_off=0.100 cpp_ssim=82.31
graphic    windows95            Q=10 max_off=0.400 cpp_ssim=-0.70
graphic    windows95            Q=30 max_off=0.400 cpp_ssim=39.73
graphic    windows95            Q=50 max_off=0.400 cpp_ssim=50.32
graphic    windows95            Q=70 max_off=0.150 cpp_ssim=62.22
graphic    windows95            Q=85 max_off=0.220 cpp_ssim=67.44
graphic    windows95            Q=95 max_off=0.180 cpp_ssim=69.10
photo      1001682              Q=10 max_off=0.000 cpp_ssim=21.08
photo      1001682              Q=30 max_off=0.000 cpp_ssim=53.70
photo      1001682              Q=50 max_off=0.040 cpp_ssim=61.06
photo      1001682              Q=70 max_off=0.120 cpp_ssim=70.50
photo      1001682              Q=85 max_off=0.000 cpp_ssim=79.25
photo      1001682              Q=95 max_off=0.020 cpp_ssim=87.67
photo      1028637              Q=10 max_off=0.020 cpp_ssim=20.99
photo      1028637              Q=30 max_off=0.000 cpp_ssim=49.03
photo      1028637              Q=50 max_off=0.000 cpp_ssim=55.98
photo      1028637              Q=70 max_off=0.060 cpp_ssim=66.81
photo      1028637              Q=85 max_off=0.020 cpp_ssim=75.47
photo      1028637              Q=95 max_off=0.060 cpp_ssim=83.52
photo      1029604              Q=10 max_off=0.000 cpp_ssim=40.77
photo      1029604              Q=30 max_off=0.000 cpp_ssim=62.08
photo      1029604              Q=50 max_off=0.060 cpp_ssim=66.99
photo      1029604              Q=70 max_off=0.080 cpp_ssim=73.97
photo      1029604              Q=85 max_off=0.020 cpp_ssim=81.14
photo      1029604              Q=95 max_off=0.000 cpp_ssim=89.77
photo      106399               Q=10 max_off=0.000 cpp_ssim=30.07
photo      106399               Q=30 max_off=0.000 cpp_ssim=57.08
photo      106399               Q=50 max_off=0.060 cpp_ssim=63.43
photo      106399               Q=70 max_off=0.080 cpp_ssim=71.16
photo      106399               Q=85 max_off=0.020 cpp_ssim=78.55
photo      106399               Q=95 max_off=0.040 cpp_ssim=86.32
photo      1080721              Q=10 max_off=0.000 cpp_ssim=38.07
photo      1080721              Q=30 max_off=0.100 cpp_ssim=65.27
photo      1080721              Q=50 max_off=0.000 cpp_ssim=71.25
photo      1080721              Q=70 max_off=0.180 cpp_ssim=77.36
photo      1080721              Q=85 max_off=0.040 cpp_ssim=82.80
photo      1080721              Q=95 max_off=0.060 cpp_ssim=88.57
photo      1082342              Q=10 max_off=0.000 cpp_ssim=39.29
photo      1082342              Q=30 max_off=0.000 cpp_ssim=61.10
photo      1082342              Q=50 max_off=0.060 cpp_ssim=66.55
photo      1082342              Q=70 max_off=0.120 cpp_ssim=72.55
photo      1082342              Q=85 max_off=0.020 cpp_ssim=78.43
photo      1082342              Q=95 max_off=0.060 cpp_ssim=83.70
photo      1089930              Q=10 max_off=0.000 cpp_ssim=42.58
photo      1089930              Q=30 max_off=0.100 cpp_ssim=64.49
photo      1089930              Q=50 max_off=0.060 cpp_ssim=69.42
photo      1089930              Q=70 max_off=0.100 cpp_ssim=75.49
photo      1089930              Q=85 max_off=0.000 cpp_ssim=81.50
photo      1089930              Q=95 max_off=0.040 cpp_ssim=88.13
photo      110472               Q=10 max_off=0.000 cpp_ssim=33.47
photo      110472               Q=30 max_off=0.000 cpp_ssim=59.07
photo      110472               Q=50 max_off=0.000 cpp_ssim=65.37
photo      110472               Q=70 max_off=0.080 cpp_ssim=72.23
photo      110472               Q=85 max_off=0.040 cpp_ssim=78.80
photo      110472               Q=95 max_off=0.100 cpp_ssim=83.41
photo      1129482              Q=10 max_off=0.400 cpp_ssim=61.25
photo      1129482              Q=30 max_off=0.400 cpp_ssim=71.44
photo      1129482              Q=50 max_off=0.400 cpp_ssim=75.32
photo      1129482              Q=70 max_off=0.400 cpp_ssim=80.67
photo      1129482              Q=85 max_off=0.220 cpp_ssim=85.51
photo      1129482              Q=95 max_off=0.080 cpp_ssim=90.01
photo      1130683              Q=10 max_off=0.000 cpp_ssim=32.99
photo      1130683              Q=30 max_off=0.000 cpp_ssim=55.97
photo      1130683              Q=50 max_off=0.000 cpp_ssim=62.19
photo      1130683              Q=70 max_off=0.060 cpp_ssim=70.06
photo      1130683              Q=85 max_off=0.040 cpp_ssim=77.16
photo      1130683              Q=95 max_off=0.060 cpp_ssim=84.38

=== MIN max_offset per Q (no regression vs cjpegli-0.5) ===
Q=10: min=0.000 p25=0.000 p50=0.000 p75=0.400  limiting=["graphic/codec_wiki", "graphic/gui", "graphic/imac_dark", "graphic/imessage", "graphic/terminal", "photo/1001682", "photo/1029604", "photo/106399", "photo/1080721", "photo/1082342", "photo/1089930", "photo/110472", "photo/1130683"]
Q=30: min=0.000 p25=0.000 p50=0.100 p75=0.400  limiting=["graphic/codec_wiki", "graphic/imac_dark", "photo/1001682", "photo/1028637", "photo/1029604", "photo/106399", "photo/1082342", "photo/110472", "photo/1130683"]
Q=50: min=0.000 p25=0.000 p50=0.060 p75=0.400  limiting=["graphic/graph", "graphic/imessage", "graphic/terminal", "photo/1028637", "photo/1080721", "photo/110472", "photo/1130683"]
Q=70: min=0.020 p25=0.080 p50=0.120 p75=0.180  limiting=["graphic/graph"]
Q=85: min=0.000 p25=0.020 p50=0.120 p75=0.150  limiting=["graphic/graph", "photo/1001682", "photo/1089930"]
Q=95: min=0.000 p25=0.060 p50=0.080 p75=0.150  limiting=["photo/1029604"]
