
# Hybrid-heads picker — categorical bytes + scalar (chroma_scale, lambda)
Train rows: 30833, val rows: 7673
n_cells: 12, output_dim: 36
Student: MLP 26 -> 128 -> 128 -> 36, 24612 params (~48.1 KB f16)

## Categorical cells
   0: xyb_420_noT                     (5 member configs)
   1: xyb_420_trellis                 (15 member configs)
   2: xyb_444_noT                     (5 member configs)
   3: xyb_444_trellis                 (15 member configs)
   4: ycbcr_420_noT                   (5 member configs)
   5: ycbcr_420_noT_sa                (5 member configs)
   6: ycbcr_420_trellis               (15 member configs)
   7: ycbcr_420_trellis_sa            (15 member configs)
   8: ycbcr_444_noT                   (5 member configs)
   9: ycbcr_444_noT_sa                (5 member configs)
  10: ycbcr_444_trellis               (15 member configs)
  11: ycbcr_444_trellis_sa            (15 member configs)

## Argmin (categorical) — vs reachable per-row optimal
  Teacher: mean 2.13%  argmin_acc 55.5%
  Student: mean 2.76%  argmin_acc 52.0%

## Scalar regression RMSE
  Teacher chroma_scale RMSE: 0.2180  (MAE 0.1465, range 0.6..1.5)
  Teacher lambda RMSE:       2.867   (MAE 1.743, range 8..25)
  Student chroma_scale RMSE: 0.2267  (MAE 0.1578)
  Student lambda RMSE:       2.892   (MAE 1.837)