
# Feature ablation — Pareto controller HistGB
Train rows: 30833, val rows: 7673
HistGB: {'max_iter': 100, 'max_depth': 4, 'learning_rate': 0.1, 'l2_regularization': 0.5, 'random_state': 51966}

## Baseline (all 19 features)
mean overhead: 7.42%  argmin_acc: 11.5%

## Leave-one-out (sorted by Δ vs baseline, largest hurt first)
feature                                    overhead  Δ vs base
-----------------------------------------------------------------
feat_high_freq_energy_ratio                   7.61%     +0.19pp
feat_luma_histogram_entropy                   7.61%     +0.19pp
feat_cr_sharpness                             7.57%     +0.15pp
feat_uniformity                               7.57%     +0.15pp
feat_edge_density                             7.54%     +0.13pp
feat_cr_horiz_sharpness                       7.51%     +0.09pp
feat_cb_horiz_sharpness                       7.50%     +0.08pp
feat_cb_sharpness                             7.49%     +0.07pp
feat_cb_peak_sharpness                        7.49%     +0.07pp
feat_cr_vert_sharpness                        7.46%     +0.04pp
feat_chroma_complexity                        7.46%     +0.04pp
feat_variance                                 7.42%     +0.01pp
feat_alpha_present                            7.42%     +0.00pp
feat_alpha_used_fraction                      7.42%     +0.00pp
feat_alpha_bimodal_score                      7.42%     +0.00pp
feat_flat_color_block_ratio                   7.40%     -0.02pp
feat_cb_vert_sharpness                        7.35%     -0.06pp
feat_cr_peak_sharpness                        7.31%     -0.11pp
feat_distinct_color_bins                      7.28%     -0.13pp

## Forward greedy curve (cumulative best feature subsets)
  K   overhead  argmin_acc  added
-----------------------------------------------------------------